// Jest Snapshot v1, https://goo.gl/fbAQLP

exports[`MessagesList component renders correctly when there are messages 1`] = `
<div
  className="messages-list"
>
  <div
    className="message-item mine"
  >
    <div
      className="message-details"
    >
      <div
        className="avatar-container"
      >
        <img
          alt="user-logo"
          className="avatar-icon"
          src="005-bullbasaur.png"
        />
      </div>
      <div
        className="username"
      >
        stub_username
      </div>
      <div
        className="posted-at"
      >
        00:34
      </div>
    </div>
    <div
      className="message-text"
    >
      stub message
    </div>
  </div>
  <div
    className="message-item"
  >
    <div
      className="message-details"
    >
      <div
        className="avatar-container"
      >
        <img
          alt="user-logo"
          className="avatar-icon"
          src="004-jigglypuff.png"
        />
      </div>
      <div
        className="username"
      >
        stub_username 2
      </div>
      <div
        className="posted-at"
      >
        00:35
      </div>
    </div>
    <div
      className="message-text"
    >
      stub message
    </div>
  </div>
</div>
`;

exports[`MessagesList component renders correctly when there are no messages 1`] = `
<div
  className="messages-list"
/>
`;
